17:52:26 **** Incremental Build of configuration Debug for project i2c ****
make -j8 all 
arm-none-eabi-gcc "../Src/main.c" -mcpu=cortex-m3 -std=gnu11 -g3 -DDEBUG -DSTM32 -DSTM32F1 -DSTM32F103C8Tx -c -I../Inc -I"F:/STM32Cube_FW_F1_V1.8.0/Drivers/CMSIS/Device/ST/STM32F1xx/Include" -I"F:/STM32Cube_FW_F1_V1.8.0/Drivers/CMSIS/Include" -O0 -ffunction-sections -fdata-sections -Wall -fstack-usage -fcyclomatic-complexity -MMD -MP -MF"Src/main.d" -MT"Src/main.o" --specs=nano.specs -mfloat-abi=soft -mthumb -o "Src/main.o"
arm-none-eabi-gcc "../Src/syscalls.c" -mcpu=cortex-m3 -std=gnu11 -g3 -DDEBUG -DSTM32 -DSTM32F1 -DSTM32F103C8Tx -c -I../Inc -I"F:/STM32Cube_FW_F1_V1.8.0/Drivers/CMSIS/Device/ST/STM32F1xx/Include" -I"F:/STM32Cube_FW_F1_V1.8.0/Drivers/CMSIS/Include" -O0 -ffunction-sections -fdata-sections -Wall -fstack-usage -fcyclomatic-complexity -MMD -MP -MF"Src/syscalls.d" -MT"Src/syscalls.o" --specs=nano.specs -mfloat-abi=soft -mthumb -o "Src/syscalls.o"
arm-none-eabi-gcc "../Src/sysmem.c" -mcpu=cortex-m3 -std=gnu11 -g3 -DDEBUG -DSTM32 -DSTM32F1 -DSTM32F103C8Tx -c -I../Inc -I"F:/STM32Cube_FW_F1_V1.8.0/Drivers/CMSIS/Device/ST/STM32F1xx/Include" -I"F:/STM32Cube_FW_F1_V1.8.0/Drivers/CMSIS/Include" -O0 -ffunction-sections -fdata-sections -Wall -fstack-usage -fcyclomatic-complexity -MMD -MP -MF"Src/sysmem.d" -MT"Src/sysmem.o" --specs=nano.specs -mfloat-abi=soft -mthumb -o "Src/sysmem.o"
arm-none-eabi-gcc -o "i2c.elf" @"objects.list"   -mcpu=cortex-m3 -T"F:\stm32_190\i2c\STM32F103C8TX_FLASH.ld" --specs=nosys.specs -Wl,-Map="i2c.map" -Wl,--gc-sections -static --specs=nano.specs -mfloat-abi=soft -mthumb -Wl,--start-group -lc -lm -Wl,--end-group
Finished building target: i2c.elf
 
arm-none-eabi-size  i2c.elf 
arm-none-eabi-objdump -h -S i2c.elf  > "i2c.list"
   text	   data	    bss	    dec	    hex	filename
   3972	     80	   1896	   5948	   173c	i2c.elf
Finished building: default.size.stdout
 
Finished building: i2c.list
 
17:52:30 **** Incremental Build of configuration Debug for project i2c ****
make -j8 all 
arm-none-eabi-size  i2c.elf 
   text	   data	    bss	    dec	    hex	filename
   3972	     80	   1896	   5948	   173c	i2c.elf
Finished building: default.size.stdout
 
17:52:57 **** Incremental Build of configuration Debug for project i2c ****
make -j8 all 
arm-none-eabi-size  i2c.elf 
   text	   data	    bss	    dec	    hex	filename
   3972	     80	   1896	   5948	   173c	i2c.elf
Finished building: default.size.stdout
 
17:54:10 **** Incremental Build of configuration Debug for project i2c ****
make -j8 all 
arm-none-eabi-gcc "../Src/main.c" -mcpu=cortex-m3 -std=gnu11 -g3 -DDEBUG -DSTM32 -DSTM32F1 -DSTM32F103C8Tx -c -I../Inc -I"F:/STM32Cube_FW_F1_V1.8.0/Drivers/CMSIS/Device/ST/STM32F1xx/Include" -I"F:/STM32Cube_FW_F1_V1.8.0/Drivers/CMSIS/Include" -O0 -ffunction-sections -fdata-sections -Wall -fstack-usage -fcyclomatic-complexity -MMD -MP -MF"Src/main.d" -MT"Src/main.o" --specs=nano.specs -mfloat-abi=soft -mthumb -o "Src/main.o"
arm-none-eabi-gcc -o "i2c.elf" @"objects.list"   -mcpu=cortex-m3 -T"F:\stm32_190\i2c\STM32F103C8TX_FLASH.ld" --specs=nosys.specs -Wl,-Map="i2c.map" -Wl,--gc-sections -static --specs=nano.specs -mfloat-abi=soft -mthumb -Wl,--start-group -lc -lm -Wl,--end-group
Finished building target: i2c.elf
 
arm-none-eabi-size  i2c.elf 
arm-none-eabi-objdump -h -S i2c.elf  > "i2c.list"
   text	   data	    bss	    dec	    hex	filename
   4292	     84	   1900	   6276	   1884	i2c.elf
Finished building: default.size.stdout
 
Finished building: i2c.list
 
17:54:13 **** Incremental Build of configuration Debug for project i2c ****
make -j8 all 
arm-none-eabi-size  i2c.elf 
   text	   data	    bss	    dec	    hex	filename
   4292	     84	   1900	   6276	   1884	i2c.elf
Finished building: default.size.stdout
 
17:56:07 **** Incremental Build of configuration Debug for project i2c ****
make -j8 all 
arm-none-eabi-size  i2c.elf 
   text	   data	    bss	    dec	    hex	filename
   4292	     84	   1900	   6276	   1884	i2c.elf
Finished building: default.size.stdout
 
17:57:16 **** Incremental Build of configuration Debug for project i2c ****
make -j8 all 
arm-none-eabi-gcc "../Src/main.c" -mcpu=cortex-m3 -std=gnu11 -g3 -DDEBUG -DSTM32 -DSTM32F1 -DSTM32F103C8Tx -c -I../Inc -I"F:/STM32Cube_FW_F1_V1.8.0/Drivers/CMSIS/Device/ST/STM32F1xx/Include" -I"F:/STM32Cube_FW_F1_V1.8.0/Drivers/CMSIS/Include" -O0 -ffunction-sections -fdata-sections -Wall -fstack-usage -fcyclomatic-complexity -MMD -MP -MF"Src/main.d" -MT"Src/main.o" --specs=nano.specs -mfloat-abi=soft -mthumb -o "Src/main.o"
../Src/main.c: In function 'Clock_Init':
../Src/main.c:15:18: error: 'RCC_CFGR_PLLSRC_HSE' undeclared (first use in this function); did you mean 'RCC_CFGR_PLLSRC_Msk'?
   15 |     RCC->CFGR |= RCC_CFGR_PLLSRC_HSE | RCC_CFGR_PLLMULL9; // 8MHz * 9 = 72MHz
      |                  ^~~~~~~~~~~~~~~~~~~
      |                  RCC_CFGR_PLLSRC_Msk
../Src/main.c:15:18: note: each undeclared identifier is reported only once for each function it appears in
make: *** [Src/subdir.mk:25: Src/main.o] Error 1
"make -j8 all" terminated with exit code 2. Build might be incomplete.
17:58:17 **** Incremental Build of configuration Debug for project i2c ****
make -j8 all 
arm-none-eabi-gcc "../Src/main.c" -mcpu=cortex-m3 -std=gnu11 -g3 -DDEBUG -DSTM32 -DSTM32F1 -DSTM32F103C8Tx -c -I../Inc -I"F:/STM32Cube_FW_F1_V1.8.0/Drivers/CMSIS/Device/ST/STM32F1xx/Include" -I"F:/STM32Cube_FW_F1_V1.8.0/Drivers/CMSIS/Include" -O0 -ffunction-sections -fdata-sections -Wall -fstack-usage -fcyclomatic-complexity -MMD -MP -MF"Src/main.d" -MT"Src/main.o" --specs=nano.specs -mfloat-abi=soft -mthumb -o "Src/main.o"
arm-none-eabi-gcc -o "i2c.elf" @"objects.list"   -mcpu=cortex-m3 -T"F:\stm32_190\i2c\STM32F103C8TX_FLASH.ld" --specs=nosys.specs -Wl,-Map="i2c.map" -Wl,--gc-sections -static --specs=nano.specs -mfloat-abi=soft -mthumb -Wl,--start-group -lc -lm -Wl,--end-group
Finished building target: i2c.elf
 
arm-none-eabi-size  i2c.elf 
arm-none-eabi-objdump -h -S i2c.elf  > "i2c.list"
   text	   data	    bss	    dec	    hex	filename
   3960	     80	   1896	   5936	   1730	i2c.elf
Finished building: default.size.stdout
 
Finished building: i2c.list
 
17:58:20 **** Incremental Build of configuration Debug for project i2c ****
make -j8 all 
arm-none-eabi-size  i2c.elf 
   text	   data	    bss	    dec	    hex	filename
   3960	     80	   1896	   5936	   1730	i2c.elf
Finished building: default.size.stdout
 
17:59:49 **** Incremental Build of configuration Debug for project i2c ****
make -j8 all 
arm-none-eabi-gcc "../Src/main.c" -mcpu=cortex-m3 -std=gnu11 -g3 -DDEBUG -DSTM32 -DSTM32F1 -DSTM32F103C8Tx -c -I../Inc -I"F:/STM32Cube_FW_F1_V1.8.0/Drivers/CMSIS/Device/ST/STM32F1xx/Include" -I"F:/STM32Cube_FW_F1_V1.8.0/Drivers/CMSIS/Include" -O0 -ffunction-sections -fdata-sections -Wall -fstack-usage -fcyclomatic-complexity -MMD -MP -MF"Src/main.d" -MT"Src/main.o" --specs=nano.specs -mfloat-abi=soft -mthumb -o "Src/main.o"
arm-none-eabi-gcc -o "i2c.elf" @"objects.list"   -mcpu=cortex-m3 -T"F:\stm32_190\i2c\STM32F103C8TX_FLASH.ld" --specs=nosys.specs -Wl,-Map="i2c.map" -Wl,--gc-sections -static --specs=nano.specs -mfloat-abi=soft -mthumb -Wl,--start-group -lc -lm -Wl,--end-group
Finished building target: i2c.elf
 
arm-none-eabi-size  i2c.elf 
arm-none-eabi-objdump -h -S i2c.elf  > "i2c.list"
   text	   data	    bss	    dec	    hex	filename
   3836	     80	   1896	   5812	   16b4	i2c.elf
Finished building: default.size.stdout
 
Finished building: i2c.list
 
17:59:51 **** Incremental Build of configuration Debug for project i2c ****
make -j8 all 
arm-none-eabi-size  i2c.elf 
   text	   data	    bss	    dec	    hex	filename
   3836	     80	   1896	   5812	   16b4	i2c.elf
Finished building: default.size.stdout
 
18:36:01 **** Incremental Build of configuration Debug for project i2c ****
make -j8 all 
arm-none-eabi-size  i2c.elf 
   text	   data	    bss	    dec	    hex	filename
   3836	     80	   1896	   5812	   16b4	i2c.elf
Finished building: default.size.stdout
 
18:36:46 **** Incremental Build of configuration Debug for project i2c ****
make -j8 all 
arm-none-eabi-size  i2c.elf 
   text	   data	    bss	    dec	    hex	filename
   3836	     80	   1896	   5812	   16b4	i2c.elf
Finished building: default.size.stdout
 
18:40:22 **** Incremental Build of configuration Debug for project i2c ****
make -j8 all 
arm-none-eabi-gcc "../Src/main.c" -mcpu=cortex-m3 -std=gnu11 -g3 -DDEBUG -DSTM32 -DSTM32F1 -DSTM32F103C8Tx -c -I../Inc -I"F:/STM32Cube_FW_F1_V1.8.0/Drivers/CMSIS/Device/ST/STM32F1xx/Include" -I"F:/STM32Cube_FW_F1_V1.8.0/Drivers/CMSIS/Include" -O0 -ffunction-sections -fdata-sections -Wall -fstack-usage -fcyclomatic-complexity -MMD -MP -MF"Src/main.d" -MT"Src/main.o" --specs=nano.specs -mfloat-abi=soft -mthumb -o "Src/main.o"
arm-none-eabi-gcc -o "i2c.elf" @"objects.list"   -mcpu=cortex-m3 -T"F:\stm32_190\i2c\STM32F103C8TX_FLASH.ld" --specs=nosys.specs -Wl,-Map="i2c.map" -Wl,--gc-sections -static --specs=nano.specs -mfloat-abi=soft -mthumb -Wl,--start-group -lc -lm -Wl,--end-group
Finished building target: i2c.elf
 
arm-none-eabi-size  i2c.elf 
arm-none-eabi-objdump -h -S i2c.elf  > "i2c.list"
   text	   data	    bss	    dec	    hex	filename
   5472	     80	   1896	   7448	   1d18	i2c.elf
Finished building: default.size.stdout
 
Finished building: i2c.list
 
18:40:27 **** Incremental Build of configuration Debug for project i2c ****
make -j8 all 
arm-none-eabi-size  i2c.elf 
   text	   data	    bss	    dec	    hex	filename
   5472	     80	   1896	   7448	   1d18	i2c.elf
Finished building: default.size.stdout
 
18:42:26 **** Incremental Build of configuration Debug for project i2c ****
make -j8 all 
arm-none-eabi-gcc "../Src/main.c" -mcpu=cortex-m3 -std=gnu11 -g3 -DDEBUG -DSTM32 -DSTM32F1 -DSTM32F103C8Tx -c -I../Inc -I"F:/STM32Cube_FW_F1_V1.8.0/Drivers/CMSIS/Device/ST/STM32F1xx/Include" -I"F:/STM32Cube_FW_F1_V1.8.0/Drivers/CMSIS/Include" -O0 -ffunction-sections -fdata-sections -Wall -fstack-usage -fcyclomatic-complexity -MMD -MP -MF"Src/main.d" -MT"Src/main.o" --specs=nano.specs -mfloat-abi=soft -mthumb -o "Src/main.o"
arm-none-eabi-gcc -o "i2c.elf" @"objects.list"   -mcpu=cortex-m3 -T"F:\stm32_190\i2c\STM32F103C8TX_FLASH.ld" --specs=nosys.specs -Wl,-Map="i2c.map" -Wl,--gc-sections -static --specs=nano.specs -mfloat-abi=soft -mthumb -Wl,--start-group -lc -lm -Wl,--end-group
Finished building target: i2c.elf
 
arm-none-eabi-size  i2c.elf 
arm-none-eabi-objdump -h -S i2c.elf  > "i2c.list"
   text	   data	    bss	    dec	    hex	filename
   3656	     80	   1896	   5632	   1600	i2c.elf
Finished building: default.size.stdout
 
Finished building: i2c.list
 
18:42:28 **** Incremental Build of configuration Debug for project i2c ****
make -j8 all 
arm-none-eabi-size  i2c.elf 
   text	   data	    bss	    dec	    hex	filename
   3656	     80	   1896	   5632	   1600	i2c.elf
Finished building: default.size.stdout
 
18:42:50 **** Incremental Build of configuration Debug for project i2c ****
make -j8 all 
arm-none-eabi-size  i2c.elf 
   text	   data	    bss	    dec	    hex	filename
   3656	     80	   1896	   5632	   1600	i2c.elf
Finished building: default.size.stdout
 
18:49:59 **** Incremental Build of configuration Debug for project i2c ****
make -j8 all 
arm-none-eabi-gcc "../Src/main.c" -mcpu=cortex-m3 -std=gnu11 -g3 -DDEBUG -DSTM32 -DSTM32F1 -DSTM32F103C8Tx -c -I../Inc -I"F:/STM32Cube_FW_F1_V1.8.0/Drivers/CMSIS/Device/ST/STM32F1xx/Include" -I"F:/STM32Cube_FW_F1_V1.8.0/Drivers/CMSIS/Include" -O0 -ffunction-sections -fdata-sections -Wall -fstack-usage -fcyclomatic-complexity -MMD -MP -MF"Src/main.d" -MT"Src/main.o" --specs=nano.specs -mfloat-abi=soft -mthumb -o "Src/main.o"
arm-none-eabi-gcc -o "i2c.elf" @"objects.list"   -mcpu=cortex-m3 -T"F:\stm32_190\i2c\STM32F103C8TX_FLASH.ld" --specs=nosys.specs -Wl,-Map="i2c.map" -Wl,--gc-sections -static --specs=nano.specs -mfloat-abi=soft -mthumb -Wl,--start-group -lc -lm -Wl,--end-group
Finished building target: i2c.elf
 
arm-none-eabi-size  i2c.elf 
arm-none-eabi-objdump -h -S i2c.elf  > "i2c.list"
   text	   data	    bss	    dec	    hex	filename
   4892	     80	   1896	   6868	   1ad4	i2c.elf
Finished building: default.size.stdout
 
Finished building: i2c.list
 
18:50:02 **** Incremental Build of configuration Debug for project i2c ****
make -j8 all 
arm-none-eabi-size  i2c.elf 
   text	   data	    bss	    dec	    hex	filename
   4892	     80	   1896	   6868	   1ad4	i2c.elf
Finished building: default.size.stdout
 
18:51:43 **** Incremental Build of configuration Debug for project i2c ****
make -j8 all 
arm-none-eabi-gcc "../Src/main.c" -mcpu=cortex-m3 -std=gnu11 -g3 -DDEBUG -DSTM32 -DSTM32F1 -DSTM32F103C8Tx -c -I../Inc -I"F:/STM32Cube_FW_F1_V1.8.0/Drivers/CMSIS/Device/ST/STM32F1xx/Include" -I"F:/STM32Cube_FW_F1_V1.8.0/Drivers/CMSIS/Include" -O0 -ffunction-sections -fdata-sections -Wall -fstack-usage -fcyclomatic-complexity -MMD -MP -MF"Src/main.d" -MT"Src/main.o" --specs=nano.specs -mfloat-abi=soft -mthumb -o "Src/main.o"
arm-none-eabi-gcc -o "i2c.elf" @"objects.list"   -mcpu=cortex-m3 -T"F:\stm32_190\i2c\STM32F103C8TX_FLASH.ld" --specs=nosys.specs -Wl,-Map="i2c.map" -Wl,--gc-sections -static --specs=nano.specs -mfloat-abi=soft -mthumb -Wl,--start-group -lc -lm -Wl,--end-group
Finished building target: i2c.elf
 
arm-none-eabi-size  i2c.elf 
arm-none-eabi-objdump -h -S i2c.elf  > "i2c.list"
   text	   data	    bss	    dec	    hex	filename
   5668	     80	   1896	   7644	   1ddc	i2c.elf
Finished building: default.size.stdout
 
Finished building: i2c.list
 
18:51:47 **** Incremental Build of configuration Debug for project i2c ****
make -j8 all 
arm-none-eabi-size  i2c.elf 
   text	   data	    bss	    dec	    hex	filename
   5668	     80	   1896	   7644	   1ddc	i2c.elf
Finished building: default.size.stdout
 
18:53:14 **** Incremental Build of configuration Debug for project i2c ****
make -j8 all 
arm-none-eabi-gcc "../Src/main.c" -mcpu=cortex-m3 -std=gnu11 -g3 -DDEBUG -DSTM32 -DSTM32F1 -DSTM32F103C8Tx -c -I../Inc -I"F:/STM32Cube_FW_F1_V1.8.0/Drivers/CMSIS/Device/ST/STM32F1xx/Include" -I"F:/STM32Cube_FW_F1_V1.8.0/Drivers/CMSIS/Include" -O0 -ffunction-sections -fdata-sections -Wall -fstack-usage -fcyclomatic-complexity -MMD -MP -MF"Src/main.d" -MT"Src/main.o" --specs=nano.specs -mfloat-abi=soft -mthumb -o "Src/main.o"
arm-none-eabi-gcc -o "i2c.elf" @"objects.list"   -mcpu=cortex-m3 -T"F:\stm32_190\i2c\STM32F103C8TX_FLASH.ld" --specs=nosys.specs -Wl,-Map="i2c.map" -Wl,--gc-sections -static --specs=nano.specs -mfloat-abi=soft -mthumb -Wl,--start-group -lc -lm -Wl,--end-group
Finished building target: i2c.elf
 
arm-none-eabi-size  i2c.elf 
arm-none-eabi-objdump -h -S i2c.elf  > "i2c.list"
   text	   data	    bss	    dec	    hex	filename
   3596	     80	   1896	   5572	   15c4	i2c.elf
Finished building: default.size.stdout
 
Finished building: i2c.list
 
18:53:16 **** Incremental Build of configuration Debug for project i2c ****
make -j8 all 
arm-none-eabi-size  i2c.elf 
   text	   data	    bss	    dec	    hex	filename
   3596	     80	   1896	   5572	   15c4	i2c.elf
Finished building: default.size.stdout
 
19:26:18 **** Build of configuration Debug for project timer ****
make -j8 all 
arm-none-eabi-gcc "../Src/main.c" -mcpu=cortex-m3 -std=gnu11 -g3 -DDEBUG -DSTM32 -DSTM32F1 -DSTM32F103C8Tx -c -I../Inc -I"F:/STM32Cube_FW_F1_V1.8.0/Drivers/CMSIS/Device/ST/STM32F1xx/Include" -I"F:/STM32Cube_FW_F1_V1.8.0/Drivers/CMSIS/Include" -O0 -ffunction-sections -fdata-sections -Wall -fstack-usage -fcyclomatic-complexity -MMD -MP -MF"Src/main.d" -MT"Src/main.o" --specs=nano.specs -mfloat-abi=soft -mthumb -o "Src/main.o"
arm-none-eabi-gcc "../Src/syscalls.c" -mcpu=cortex-m3 -std=gnu11 -g3 -DDEBUG -DSTM32 -DSTM32F1 -DSTM32F103C8Tx -c -I../Inc -I"F:/STM32Cube_FW_F1_V1.8.0/Drivers/CMSIS/Device/ST/STM32F1xx/Include" -I"F:/STM32Cube_FW_F1_V1.8.0/Drivers/CMSIS/Include" -O0 -ffunction-sections -fdata-sections -Wall -fstack-usage -fcyclomatic-complexity -MMD -MP -MF"Src/syscalls.d" -MT"Src/syscalls.o" --specs=nano.specs -mfloat-abi=soft -mthumb -o "Src/syscalls.o"
arm-none-eabi-gcc "../Src/sysmem.c" -mcpu=cortex-m3 -std=gnu11 -g3 -DDEBUG -DSTM32 -DSTM32F1 -DSTM32F103C8Tx -c -I../Inc -I"F:/STM32Cube_FW_F1_V1.8.0/Drivers/CMSIS/Device/ST/STM32F1xx/Include" -I"F:/STM32Cube_FW_F1_V1.8.0/Drivers/CMSIS/Include" -O0 -ffunction-sections -fdata-sections -Wall -fstack-usage -fcyclomatic-complexity -MMD -MP -MF"Src/sysmem.d" -MT"Src/sysmem.o" --specs=nano.specs -mfloat-abi=soft -mthumb -o "Src/sysmem.o"
arm-none-eabi-gcc -o "timer.elf" @"objects.list"   -mcpu=cortex-m3 -T"F:\stm32_190\timer\STM32F103C8TX_FLASH.ld" --specs=nosys.specs -Wl,-Map="timer.map" -Wl,--gc-sections -static --specs=nano.specs -mfloat-abi=soft -mthumb -Wl,--start-group -lc -lm -Wl,--end-group
Finished building target: timer.elf
 
arm-none-eabi-size  timer.elf 
arm-none-eabi-objdump -h -S timer.elf  > "timer.list"
   text	   data	    bss	    dec	    hex	filename
    828	      0	   1568	   2396	    95c	timer.elf
Finished building: default.size.stdout
 
Finished building: timer.list
 
19:26:24 **** Incremental Build of configuration Debug for project timer ****
make -j8 all 
arm-none-eabi-size  timer.elf 
   text	   data	    bss	    dec	    hex	filename
    828	      0	   1568	   2396	    95c	timer.elf
Finished building: default.size.stdout
 
19:27:38 **** Incremental Build of configuration Debug for project timer ****
make -j8 all 
arm-none-eabi-size  timer.elf 
   text	   data	    bss	    dec	    hex	filename
    828	      0	   1568	   2396	    95c	timer.elf
Finished building: default.size.stdout
 
19:28:34 **** Incremental Build of configuration Debug for project timer ****
make -j8 all 
arm-none-eabi-gcc "../Src/main.c" -mcpu=cortex-m3 -std=gnu11 -g3 -DDEBUG -DSTM32 -DSTM32F1 -DSTM32F103C8Tx -c -I../Inc -I"F:/STM32Cube_FW_F1_V1.8.0/Drivers/CMSIS/Device/ST/STM32F1xx/Include" -I"F:/STM32Cube_FW_F1_V1.8.0/Drivers/CMSIS/Include" -O0 -ffunction-sections -fdata-sections -Wall -fstack-usage -fcyclomatic-complexity -MMD -MP -MF"Src/main.d" -MT"Src/main.o" --specs=nano.specs -mfloat-abi=soft -mthumb -o "Src/main.o"
arm-none-eabi-gcc -o "timer.elf" @"objects.list"   -mcpu=cortex-m3 -T"F:\stm32_190\timer\STM32F103C8TX_FLASH.ld" --specs=nosys.specs -Wl,-Map="timer.map" -Wl,--gc-sections -static --specs=nano.specs -mfloat-abi=soft -mthumb -Wl,--start-group -lc -lm -Wl,--end-group
Finished building target: timer.elf
 
arm-none-eabi-size  timer.elf 
arm-none-eabi-objdump -h -S timer.elf  > "timer.list"
   text	   data	    bss	    dec	    hex	filename
    828	      0	   1568	   2396	    95c	timer.elf
Finished building: default.size.stdout
 
Finished building: timer.list
 
19:28:42 **** Incremental Build of configuration Debug for project timer ****
make -j8 all 
arm-none-eabi-size  timer.elf 
   text	   data	    bss	    dec	    hex	filename
    828	      0	   1568	   2396	    95c	timer.elf
Finished building: default.size.stdout
 
19:28:59 **** Incremental Build of configuration Debug for project timer ****
make -j8 all 
arm-none-eabi-size  timer.elf 
   text	   data	    bss	    dec	    hex	filename
    828	      0	   1568	   2396	    95c	timer.elf
Finished building: default.size.stdout
 
20:21:09 **** Build of configuration Debug for project project_slave_02 ****
make -j8 all 
arm-none-eabi-gcc "../Src/main.c" -mcpu=cortex-m3 -std=gnu11 -g3 -DDEBUG -DSTM32 -DSTM32F1 -DSTM32F103C8Tx -c -I../Inc -I"F:/STM32Cube_FW_F1_V1.8.0/Drivers/CMSIS/Device/ST/STM32F1xx/Include" -I"F:/STM32Cube_FW_F1_V1.8.0/Drivers/CMSIS/Include" -O0 -ffunction-sections -fdata-sections -Wall -fstack-usage -fcyclomatic-complexity -MMD -MP -MF"Src/main.d" -MT"Src/main.o" --specs=nano.specs -mfloat-abi=soft -mthumb -o "Src/main.o"
arm-none-eabi-gcc -o "project_slave_02.elf" @"objects.list"   -mcpu=cortex-m3 -T"F:\stm32_190\project_master_01\STM32F103C8TX_FLASH.ld" --specs=nosys.specs -Wl,-Map="project_slave_02.map" -Wl,--gc-sections -static --specs=nano.specs -mfloat-abi=soft -mthumb -Wl,--start-group -lc -lm -Wl,--end-group
Finished building target: project_slave_02.elf
 
arm-none-eabi-size  project_slave_02.elf 
arm-none-eabi-objdump -h -S project_slave_02.elf  > "project_slave_02.list"
   text	   data	    bss	    dec	    hex	filename
   3676	     80	   1896	   5652	   1614	project_slave_02.elf
Finished building: default.size.stdout
 
Finished building: project_slave_02.list
 
20:21:13 **** Incremental Build of configuration Debug for project project_slave_02 ****
make -j8 all 
arm-none-eabi-size  project_slave_02.elf 
   text	   data	    bss	    dec	    hex	filename
   3676	     80	   1896	   5652	   1614	project_slave_02.elf
Finished building: default.size.stdout
 
20:21:50 **** Build of configuration Debug for project project_master_03 ****
make -j8 all 
arm-none-eabi-gcc "../Src/main.c" -mcpu=cortex-m3 -std=gnu11 -g3 -DDEBUG -DSTM32 -DSTM32F1 -DSTM32F103C8Tx -c -I../Inc -I"F:/STM32Cube_FW_F1_V1.8.0/Drivers/CMSIS/Device/ST/STM32F1xx/Include" -I"F:/STM32Cube_FW_F1_V1.8.0/Drivers/CMSIS/Include" -O0 -ffunction-sections -fdata-sections -Wall -fstack-usage -fcyclomatic-complexity -MMD -MP -MF"Src/main.d" -MT"Src/main.o" --specs=nano.specs -mfloat-abi=soft -mthumb -o "Src/main.o"
arm-none-eabi-gcc -o "project_master_03.elf" @"objects.list"   -mcpu=cortex-m3 -T"F:\stm32_190\project_master_03\STM32F103C8TX_FLASH.ld" --specs=nosys.specs -Wl,-Map="project_master_03.map" -Wl,--gc-sections -static --specs=nano.specs -mfloat-abi=soft -mthumb -Wl,--start-group -lc -lm -Wl,--end-group
Finished building target: project_master_03.elf
 
arm-none-eabi-size  project_master_03.elf 
arm-none-eabi-objdump -h -S project_master_03.elf  > "project_master_03.list"
   text	   data	    bss	    dec	    hex	filename
    980	      0	   1568	   2548	    9f4	project_master_03.elf
Finished building: default.size.stdout
 
Finished building: project_master_03.list
 
20:21:53 **** Incremental Build of configuration Debug for project project_slave_02 ****
make -j8 all 
arm-none-eabi-size  project_slave_02.elf 
   text	   data	    bss	    dec	    hex	filename
   3676	     80	   1896	   5652	   1614	project_slave_02.elf
Finished building: default.size.stdout
 
