20:21:50 **** Build of configuration Debug for project project_master_03 ****
make -j8 all 
arm-none-eabi-gcc "../Src/main.c" -mcpu=cortex-m3 -std=gnu11 -g3 -DDEBUG -DSTM32 -DSTM32F1 -DSTM32F103C8Tx -c -I../Inc -I"F:/STM32Cube_FW_F1_V1.8.0/Drivers/CMSIS/Device/ST/STM32F1xx/Include" -I"F:/STM32Cube_FW_F1_V1.8.0/Drivers/CMSIS/Include" -O0 -ffunction-sections -fdata-sections -Wall -fstack-usage -fcyclomatic-complexity -MMD -MP -MF"Src/main.d" -MT"Src/main.o" --specs=nano.specs -mfloat-abi=soft -mthumb -o "Src/main.o"
arm-none-eabi-gcc -o "project_master_03.elf" @"objects.list"   -mcpu=cortex-m3 -T"F:\stm32_190\project_master_03\STM32F103C8TX_FLASH.ld" --specs=nosys.specs -Wl,-Map="project_master_03.map" -Wl,--gc-sections -static --specs=nano.specs -mfloat-abi=soft -mthumb -Wl,--start-group -lc -lm -Wl,--end-group
Finished building target: project_master_03.elf
 
arm-none-eabi-size  project_master_03.elf 
arm-none-eabi-objdump -h -S project_master_03.elf  > "project_master_03.list"
   text	   data	    bss	    dec	    hex	filename
    980	      0	   1568	   2548	    9f4	project_master_03.elf
Finished building: default.size.stdout
 
Finished building: project_master_03.list
 

20:21:51 Build Finished. 0 errors, 0 warnings. (took 1s.116ms)

