17:22:06 **** Incremental Build of configuration Debug for project slave_spi ****
make -j8 all 
arm-none-eabi-gcc "../Src/main.c" -mcpu=cortex-m3 -std=gnu11 -g3 -DDEBUG -DSTM32 -DSTM32F1 -DSTM32F103C8Tx -c -I../Inc -I"F:/STM32Cube_FW_F1_V1.8.0/Drivers/CMSIS/Include" -I"F:/STM32Cube_FW_F1_V1.8.0/Drivers/CMSIS/Device/ST/STM32F1xx/Include" -O0 -ffunction-sections -fdata-sections -Wall -fstack-usage -fcyclomatic-complexity -MMD -MP -MF"Src/main.d" -MT"Src/main.o" --specs=nano.specs -mfloat-abi=soft -mthumb -o "Src/main.o"
arm-none-eabi-gcc "../Src/spi.c" -mcpu=cortex-m3 -std=gnu11 -g3 -DDEBUG -DSTM32 -DSTM32F1 -DSTM32F103C8Tx -c -I../Inc -I"F:/STM32Cube_FW_F1_V1.8.0/Drivers/CMSIS/Include" -I"F:/STM32Cube_FW_F1_V1.8.0/Drivers/CMSIS/Device/ST/STM32F1xx/Include" -O0 -ffunction-sections -fdata-sections -Wall -fstack-usage -fcyclomatic-complexity -MMD -MP -MF"Src/spi.d" -MT"Src/spi.o" --specs=nano.specs -mfloat-abi=soft -mthumb -o "Src/spi.o"
arm-none-eabi-gcc -o "slave_spi.elf" @"objects.list"   -mcpu=cortex-m3 -T"F:\stm32_190\slave_spi\STM32F103C8TX_FLASH.ld" --specs=nosys.specs -Wl,-Map="slave_spi.map" -Wl,--gc-sections -static --specs=nano.specs -mfloat-abi=soft -mthumb -Wl,--start-group -lc -lm -Wl,--end-group
Finished building target: slave_spi.elf
 
arm-none-eabi-size  slave_spi.elf 
arm-none-eabi-objdump -h -S slave_spi.elf  > "slave_spi.list"
   text	   data	    bss	    dec	    hex	filename
   1464	      0	   1768	   3232	    ca0	slave_spi.elf
Finished building: default.size.stdout
 
Finished building: slave_spi.list
 

17:22:06 Build Finished. 0 errors, 0 warnings. (took 946ms)

