16:52:43 **** Build of configuration Debug for project spi_slave ****
make -j8 all 
arm-none-eabi-gcc "../Src/main.c" -mcpu=cortex-m3 -std=gnu11 -g3 -DDEBUG -DSTM32 -DSTM32F1 -DSTM32F103C8Tx -c -I../Inc -I"F:/STM32Cube_FW_F1_V1.8.0/Drivers/CMSIS/Include" -I"F:/STM32Cube_FW_F1_V1.8.0/Drivers/CMSIS/Device/ST/STM32F1xx/Include" -O0 -ffunction-sections -fdata-sections -Wall -fstack-usage -fcyclomatic-complexity -MMD -MP -MF"Src/main.d" -MT"Src/main.o" --specs=nano.specs -mfloat-abi=soft -mthumb -o "Src/main.o"
arm-none-eabi-gcc -o "spi_slave.elf" @"objects.list"   -mcpu=cortex-m3 -T"F:\stm32_190\spi_slave\STM32F103C8TX_FLASH.ld" --specs=nosys.specs -Wl,-Map="spi_slave.map" -Wl,--gc-sections -static --specs=nano.specs -mfloat-abi=soft -mthumb -Wl,--start-group -lc -lm -Wl,--end-group
Finished building target: spi_slave.elf
 
arm-none-eabi-size  spi_slave.elf 
arm-none-eabi-objdump -h -S spi_slave.elf  > "spi_slave.list"
   text	   data	    bss	    dec	    hex	filename
   1212	      0	   1568	   2780	    adc	spi_slave.elf
Finished building: default.size.stdout
 
Finished building: spi_slave.list
 

16:52:45 Build Finished. 0 errors, 0 warnings. (took 2s.234ms)

